// Jest Snapshot v1, https://goo.gl/fbAQLP

exports[`tests of the pauseView Render the component correctly 1`] = `
<View
  style={
    Object {
      "alignItems": "center",
      "flex": 1,
      "justifyContent": "center",
    }
  }
>
  <Image
    source={1}
    style={
      Object {
        "height": 80,
        "width": 80,
      }
    }
  />
  <Text
    style={
      Object {
        "color": "#eee",
        "fontFamily": "dogbyte",
        "fontSize": 60,
        "marginTop": 20,
        "textAlign": "center",
      }
    }
  >
    paused
  </Text>
</View>
`;
