// Jest Snapshot v1, https://goo.gl/fbAQLP

exports[`tests of the GameTitle Render the component correctly 1`] = `
<View
  accessibilityLabel="aliudColor"
  accessible={true}
  style={
    Object {
      "flexDirection": "row",
    }
  }
>
  <Text
    style={
      Array [
        Object {
          "fontFamily": "dogbyte",
        },
        Object {
          "color": "#ecf0f1",
          "fontSize": 55,
        },
      ]
    }
  >
    aliud
  </Text>
  <Text
    style={
      Array [
        Object {
          "fontFamily": "dogbyte",
        },
        Object {
          "color": "#E64C3C",
          "fontSize": 55,
          "textTransform": "uppercase",
        },
      ]
    }
  >
    c
  </Text>
  <Text
    style={
      Array [
        Object {
          "fontFamily": "dogbyte",
        },
        Object {
          "color": "#E57E31",
          "fontSize": 55,
        },
      ]
    }
  >
    o
  </Text>
  <Text
    style={
      Array [
        Object {
          "fontFamily": "dogbyte",
        },
        Object {
          "color": "#F1C431",
          "fontSize": 55,
        },
      ]
    }
  >
    l
  </Text>
  <Text
    style={
      Array [
        Object {
          "fontFamily": "dogbyte",
        },
        Object {
          "color": "#68CC73",
          "fontSize": 55,
        },
      ]
    }
  >
    o
  </Text>
  <Text
    style={
      Array [
        Object {
          "fontFamily": "dogbyte",
        },
        Object {
          "color": "#3998DB",
          "fontSize": 55,
        },
      ]
    }
  >
    r
  </Text>
</View>
`;
