// Jest Snapshot v1, https://goo.gl/fbAQLP

exports[`tests for the <BottomArea/> Render the component correctly  1`] = `
<View
  style={
    Object {
      "flex": 1,
      "flexDirection": "row",
      "width": 0.875,
    }
  }
>
  <View
    style={
      Object {
        "flex": 1,
        "marginBottom": "auto",
        "marginTop": "auto",
      }
    }
  >
    <View
      accessible={true}
    >
      <Text
        style={
          Object {
            "color": "#ecf0f1",
            "fontFamily": "dogbyte",
            "fontSize": 50,
            "textAlign": "center",
          }
        }
      >
        0
      </Text>
      <Text
        style={
          Object {
            "color": "#bbb",
            "fontFamily": "dogbyte",
            "fontSize": 20,
            "textAlign": "center",
            "textTransform": "uppercase",
          }
        }
      >
        points
      </Text>
    </View>
    <View
      accessibilityLabel="Current High Score0"
      accessible={true}
      style={
        Object {
          "flexDirection": "row",
          "justifyContent": "center",
          "marginTop": 10,
        }
      }
    >
      <Image
        source={1}
        style={
          Object {
            "height": 25,
            "marginRight": 5,
            "width": 25,
          }
        }
      />
      <Text
        style={
          Object {
            "color": "#bbb",
            "fontFamily": "dogbyte",
            "fontSize": 25,
            "marginTop": 2.5,
          }
        }
      >
        0
      </Text>
    </View>
  </View>
  <View
    style={
      Object {
        "flex": 1,
        "marginBottom": "auto",
        "marginTop": "auto",
      }
    }
  >
    <View
      accessibilityLabel="Replay Button"
      accessible={true}
      focusable={true}
      onClick={[Function]}
      onResponderGrant={[Function]}
      onResponderMove={[Function]}
      onResponderRelease={[Function]}
      onResponderTerminate={[Function]}
      onResponderTerminationRequest={[Function]}
      onStartShouldSetResponder={[Function]}
      style={
        Object {
          "alignItems": "center",
          "opacity": 1,
        }
      }
    >
      <Image
        source={1}
        style={
          Object {
            "height": 50,
            "width": 50,
          }
        }
      />
    </View>
    <View
      accessibilityHint="Takes you back to the main menu"
      accessibilityLabel="Go Home Button"
      accessible={true}
      focusable={true}
      onClick={[Function]}
      onResponderGrant={[Function]}
      onResponderMove={[Function]}
      onResponderRelease={[Function]}
      onResponderTerminate={[Function]}
      onResponderTerminationRequest={[Function]}
      onStartShouldSetResponder={[Function]}
      style={
        Object {
          "alignItems": "center",
          "marginTop": 10,
          "opacity": 1,
        }
      }
    >
      <Image
        source={1}
        style={
          Object {
            "height": 50,
            "width": 50,
          }
        }
      />
    </View>
  </View>
  <View
    style={
      Object {
        "flex": 1,
        "marginBottom": "auto",
        "marginTop": "auto",
      }
    }
  >
    <View
      accessible={true}
    >
      <Text
        style={
          Object {
            "color": "#ecf0f1",
            "fontFamily": "dogbyte",
            "fontSize": 50,
            "textAlign": "center",
          }
        }
      >
        0
      </Text>
      <Text
        style={
          Object {
            "color": "#bbb",
            "fontFamily": "dogbyte",
            "fontSize": 20,
            "textAlign": "center",
            "textTransform": "uppercase",
          }
        }
      >
        time left
      </Text>
    </View>
    <View
      accessibilityLabel="Time Icon"
      style={
        Object {
          "flexDirection": "row",
          "justifyContent": "center",
          "marginTop": 10,
        }
      }
    >
      <Image
        source={1}
        style={
          Object {
            "height": 25,
            "marginRight": 5,
            "width": 25,
          }
        }
      />
    </View>
  </View>
</View>
`;
